2025-01-01 15:46:30 [main] INFO  c.example.gateway.GatewayApplication - Starting GatewayApplication v0.0.1-SNAPSHOT using Java 17-ea with PID 1 (/app/app.jar started by root in /app)
2025-01-01 15:46:30 [main] INFO  c.example.gateway.GatewayApplication - No active profile set, falling back to 1 default profile: "default"
2025-01-01 15:46:36 [main] INFO  o.s.d.r.c.RepositoryConfigurationDelegate - Multiple Spring Data modules found, entering strict repository configuration mode
2025-01-01 15:46:36 [main] INFO  o.s.d.r.c.RepositoryConfigurationDelegate - Bootstrapping Spring Data Redis repositories in DEFAULT mode.
2025-01-01 15:46:36 [main] INFO  o.s.d.r.c.RepositoryConfigurationDelegate - Finished Spring Data repository scanning in 69 ms. Found 0 Redis repository interfaces.
2025-01-01 15:46:38 [main] INFO  o.s.b.w.e.tomcat.TomcatWebServer - Tomcat initialized with port 8080 (http)
2025-01-01 15:46:38 [main] INFO  o.a.coyote.http11.Http11NioProtocol - Initializing ProtocolHandler ["http-nio-8080"]
2025-01-01 15:46:38 [main] INFO  o.a.catalina.core.StandardService - Starting service [Tomcat]
2025-01-01 15:46:38 [main] INFO  o.a.catalina.core.StandardEngine - Starting Servlet engine: [Apache Tomcat/10.1.34]
2025-01-01 15:46:38 [main] INFO  o.a.c.c.C.[Tomcat].[localhost].[/] - Initializing Spring embedded WebApplicationContext
2025-01-01 15:46:38 [main] INFO  o.s.b.w.s.c.ServletWebServerApplicationContext - Root WebApplicationContext: initialization completed in 7701 ms
2025-01-01 15:46:46 [main] INFO  o.s.b.a.e.web.EndpointLinksResolver - Exposing 3 endpoints beneath base path '/actuator'
2025-01-01 15:46:47 [main] INFO  o.a.coyote.http11.Http11NioProtocol - Starting ProtocolHandler ["http-nio-8080"]
2025-01-01 15:46:47 [main] INFO  o.s.b.w.e.tomcat.TomcatWebServer - Tomcat started on port 8080 (http) with context path '/'
2025-01-01 15:46:47 [main] INFO  c.example.gateway.GatewayApplication - Started GatewayApplication in 18.795 seconds (process running for 22.997)
2025-01-01 15:46:51 [http-nio-8080-exec-2] INFO  o.a.c.c.C.[Tomcat].[localhost].[/] - Initializing Spring DispatcherServlet 'dispatcherServlet'
2025-01-01 15:46:51 [http-nio-8080-exec-2] INFO  o.s.web.servlet.DispatcherServlet - Initializing Servlet 'dispatcherServlet'
2025-01-01 15:46:51 [http-nio-8080-exec-2] INFO  o.s.web.servlet.DispatcherServlet - Completed initialization in 2 ms
2025-01-01 15:47:41 [http-nio-8080-exec-6] INFO  c.e.gateway.rest.BookController - GET request for getting all books
2025-01-01 15:48:24 [http-nio-8080-exec-8] INFO  c.e.gateway.rest.BookController - GET request for getting all books
2025-01-01 15:48:25 [http-nio-8080-exec-2] INFO  c.e.gateway.rest.BookController - GET request for getting all books
2025-01-01 15:48:26 [http-nio-8080-exec-3] INFO  c.e.gateway.rest.BookController - GET request for getting all books
2025-01-01 16:00:39 [SpringApplicationShutdownHook] INFO  o.s.b.w.e.tomcat.GracefulShutdown - Commencing graceful shutdown. Waiting for active requests to complete
2025-01-01 16:00:39 [tomcat-shutdown] INFO  o.s.b.w.e.tomcat.GracefulShutdown - Graceful shutdown complete
2025-01-01 16:03:30 [main] INFO  c.example.gateway.GatewayApplication - Starting GatewayApplication v0.0.1-SNAPSHOT using Java 17-ea with PID 1 (/app/app.jar started by root in /app)
2025-01-01 16:03:30 [main] INFO  c.example.gateway.GatewayApplication - No active profile set, falling back to 1 default profile: "default"
2025-01-01 16:03:36 [main] INFO  o.s.d.r.c.RepositoryConfigurationDelegate - Multiple Spring Data modules found, entering strict repository configuration mode
2025-01-01 16:03:36 [main] INFO  o.s.d.r.c.RepositoryConfigurationDelegate - Bootstrapping Spring Data Redis repositories in DEFAULT mode.
2025-01-01 16:03:37 [main] INFO  o.s.d.r.c.RepositoryConfigurationDelegate - Finished Spring Data repository scanning in 113 ms. Found 0 Redis repository interfaces.
2025-01-01 16:03:40 [main] INFO  o.s.b.w.e.tomcat.TomcatWebServer - Tomcat initialized with port 8080 (http)
2025-01-01 16:03:40 [main] INFO  o.a.coyote.http11.Http11NioProtocol - Initializing ProtocolHandler ["http-nio-8080"]
2025-01-01 16:03:40 [main] INFO  o.a.catalina.core.StandardService - Starting service [Tomcat]
2025-01-01 16:03:40 [main] INFO  o.a.catalina.core.StandardEngine - Starting Servlet engine: [Apache Tomcat/10.1.34]
2025-01-01 16:03:40 [main] INFO  o.a.c.c.C.[Tomcat].[localhost].[/] - Initializing Spring embedded WebApplicationContext
2025-01-01 16:03:40 [main] INFO  o.s.b.w.s.c.ServletWebServerApplicationContext - Root WebApplicationContext: initialization completed in 9074 ms
2025-01-01 16:03:49 [main] INFO  o.s.b.a.e.web.EndpointLinksResolver - Exposing 3 endpoints beneath base path '/actuator'
2025-01-01 16:03:49 [main] INFO  o.a.coyote.http11.Http11NioProtocol - Starting ProtocolHandler ["http-nio-8080"]
2025-01-01 16:03:49 [main] INFO  o.s.b.w.e.tomcat.TomcatWebServer - Tomcat started on port 8080 (http) with context path '/'
2025-01-01 16:03:49 [main] INFO  c.example.gateway.GatewayApplication - Started GatewayApplication in 21.61 seconds (process running for 26.466)
2025-01-01 16:03:50 [http-nio-8080-exec-1] INFO  o.a.c.c.C.[Tomcat].[localhost].[/] - Initializing Spring DispatcherServlet 'dispatcherServlet'
2025-01-01 16:03:50 [http-nio-8080-exec-1] INFO  o.s.web.servlet.DispatcherServlet - Initializing Servlet 'dispatcherServlet'
2025-01-01 16:03:50 [http-nio-8080-exec-1] INFO  o.s.web.servlet.DispatcherServlet - Completed initialization in 5 ms
2025-01-01 16:03:50 [http-nio-8080-exec-1] INFO  c.e.gateway.rest.BookController - GET request for getting all books
2025-01-01 16:20:04 [SpringApplicationShutdownHook] INFO  o.s.b.w.e.tomcat.GracefulShutdown - Commencing graceful shutdown. Waiting for active requests to complete
2025-01-01 16:20:04 [tomcat-shutdown] INFO  o.s.b.w.e.tomcat.GracefulShutdown - Graceful shutdown complete
2025-01-01 16:24:12 [main] INFO  c.example.gateway.GatewayApplication - Starting GatewayApplication v0.0.1-SNAPSHOT using Java 17-ea with PID 1 (/app/app.jar started by root in /app)
2025-01-01 16:24:12 [main] INFO  c.example.gateway.GatewayApplication - No active profile set, falling back to 1 default profile: "default"
2025-01-01 16:24:19 [main] INFO  o.s.d.r.c.RepositoryConfigurationDelegate - Multiple Spring Data modules found, entering strict repository configuration mode
2025-01-01 16:24:19 [main] INFO  o.s.d.r.c.RepositoryConfigurationDelegate - Bootstrapping Spring Data Redis repositories in DEFAULT mode.
2025-01-01 16:24:19 [main] INFO  o.s.d.r.c.RepositoryConfigurationDelegate - Finished Spring Data repository scanning in 97 ms. Found 0 Redis repository interfaces.
2025-01-01 16:24:22 [main] INFO  o.s.b.w.e.tomcat.TomcatWebServer - Tomcat initialized with port 8080 (http)
2025-01-01 16:24:22 [main] INFO  o.a.coyote.http11.Http11NioProtocol - Initializing ProtocolHandler ["http-nio-8080"]
2025-01-01 16:24:22 [main] INFO  o.a.catalina.core.StandardService - Starting service [Tomcat]
2025-01-01 16:24:22 [main] INFO  o.a.catalina.core.StandardEngine - Starting Servlet engine: [Apache Tomcat/10.1.34]
2025-01-01 16:24:22 [main] INFO  o.a.c.c.C.[Tomcat].[localhost].[/] - Initializing Spring embedded WebApplicationContext
2025-01-01 16:24:22 [main] INFO  o.s.b.w.s.c.ServletWebServerApplicationContext - Root WebApplicationContext: initialization completed in 9647 ms
2025-01-01 16:24:33 [main] INFO  o.s.b.a.e.web.EndpointLinksResolver - Exposing 3 endpoints beneath base path '/actuator'
2025-01-01 16:24:33 [main] INFO  o.a.coyote.http11.Http11NioProtocol - Starting ProtocolHandler ["http-nio-8080"]
2025-01-01 16:24:34 [main] INFO  o.s.b.w.e.tomcat.TomcatWebServer - Tomcat started on port 8080 (http) with context path '/'
2025-01-01 16:24:34 [main] INFO  c.example.gateway.GatewayApplication - Started GatewayApplication in 24.387 seconds (process running for 27.639)
2025-01-01 16:24:39 [http-nio-8080-exec-1] INFO  o.a.c.c.C.[Tomcat].[localhost].[/] - Initializing Spring DispatcherServlet 'dispatcherServlet'
2025-01-01 16:24:39 [http-nio-8080-exec-1] INFO  o.s.web.servlet.DispatcherServlet - Initializing Servlet 'dispatcherServlet'
2025-01-01 16:24:39 [http-nio-8080-exec-1] INFO  o.s.web.servlet.DispatcherServlet - Completed initialization in 3 ms
2025-01-01 16:28:53 [http-nio-8080-exec-4] INFO  c.e.gateway.rest.BookController - GET request for getting all books
2025-01-01 16:37:50 [SpringApplicationShutdownHook] INFO  o.s.b.w.e.tomcat.GracefulShutdown - Commencing graceful shutdown. Waiting for active requests to complete
2025-01-01 16:37:50 [tomcat-shutdown] INFO  o.s.b.w.e.tomcat.GracefulShutdown - Graceful shutdown complete
2025-01-01 16:44:09 [main] INFO  c.example.gateway.GatewayApplication - Starting GatewayApplication v0.0.1-SNAPSHOT using Java 17-ea with PID 1 (/app/app.jar started by root in /app)
2025-01-01 16:44:09 [main] INFO  c.example.gateway.GatewayApplication - No active profile set, falling back to 1 default profile: "default"
2025-01-01 16:44:17 [main] INFO  o.s.d.r.c.RepositoryConfigurationDelegate - Multiple Spring Data modules found, entering strict repository configuration mode
2025-01-01 16:44:17 [main] INFO  o.s.d.r.c.RepositoryConfigurationDelegate - Bootstrapping Spring Data Redis repositories in DEFAULT mode.
2025-01-01 16:44:17 [main] INFO  o.s.d.r.c.RepositoryConfigurationDelegate - Finished Spring Data repository scanning in 69 ms. Found 0 Redis repository interfaces.
2025-01-01 16:44:20 [main] INFO  o.s.b.w.e.tomcat.TomcatWebServer - Tomcat initialized with port 8080 (http)
2025-01-01 16:44:20 [main] INFO  o.a.coyote.http11.Http11NioProtocol - Initializing ProtocolHandler ["http-nio-8080"]
2025-01-01 16:44:20 [main] INFO  o.a.catalina.core.StandardService - Starting service [Tomcat]
2025-01-01 16:44:20 [main] INFO  o.a.catalina.core.StandardEngine - Starting Servlet engine: [Apache Tomcat/10.1.34]
2025-01-01 16:44:20 [main] INFO  o.a.c.c.C.[Tomcat].[localhost].[/] - Initializing Spring embedded WebApplicationContext
2025-01-01 16:44:20 [main] INFO  o.s.b.w.s.c.ServletWebServerApplicationContext - Root WebApplicationContext: initialization completed in 10893 ms
2025-01-01 16:44:32 [main] INFO  o.s.b.a.e.web.EndpointLinksResolver - Exposing 3 endpoints beneath base path '/actuator'
2025-01-01 16:44:32 [main] INFO  o.a.coyote.http11.Http11NioProtocol - Starting ProtocolHandler ["http-nio-8080"]
2025-01-01 16:44:32 [main] INFO  o.s.b.w.e.tomcat.TomcatWebServer - Tomcat started on port 8080 (http) with context path '/'
2025-01-01 16:44:32 [main] INFO  c.example.gateway.GatewayApplication - Started GatewayApplication in 26.032 seconds (process running for 30.606)
2025-01-01 16:44:36 [http-nio-8080-exec-1] INFO  o.a.c.c.C.[Tomcat].[localhost].[/] - Initializing Spring DispatcherServlet 'dispatcherServlet'
2025-01-01 16:44:36 [http-nio-8080-exec-1] INFO  o.s.web.servlet.DispatcherServlet - Initializing Servlet 'dispatcherServlet'
2025-01-01 16:44:36 [http-nio-8080-exec-1] INFO  o.s.web.servlet.DispatcherServlet - Completed initialization in 3 ms
2025-01-01 16:48:42 [SpringApplicationShutdownHook] INFO  o.s.b.w.e.tomcat.GracefulShutdown - Commencing graceful shutdown. Waiting for active requests to complete
2025-01-01 16:48:42 [tomcat-shutdown] INFO  o.s.b.w.e.tomcat.GracefulShutdown - Graceful shutdown complete
